First letter of word does not match last letter of previous word
